###############################################################################
#
# IAR ELF Linker V2.20.1.176 for STM8                     08/Sep/2016  14:02:49
# Copyright 2010-2015 IAR Systems AB.
#
#    Output file  =  
#        D:\Dropbox\ECLIPSE\STM8\IAR\pult_usart\Debug\Exe\pult_usart.out
#    Map file     =  
#        D:\Dropbox\ECLIPSE\STM8\IAR\pult_usart\Debug\List\pult_usart.map
#    Command line =  
#        D:\Dropbox\ECLIPSE\STM8\IAR\pult_usart\Debug\Obj\conf.o
#        D:\Dropbox\ECLIPSE\STM8\IAR\pult_usart\Debug\Obj\main.o
#        D:\Dropbox\ECLIPSE\STM8\IAR\pult_usart\Debug\Obj\stm8s_adc1.o
#        D:\Dropbox\ECLIPSE\STM8\IAR\pult_usart\Debug\Obj\stm8s_awu.o
#        D:\Dropbox\ECLIPSE\STM8\IAR\pult_usart\Debug\Obj\stm8s_beep.o
#        D:\Dropbox\ECLIPSE\STM8\IAR\pult_usart\Debug\Obj\stm8s_clk.o
#        D:\Dropbox\ECLIPSE\STM8\IAR\pult_usart\Debug\Obj\stm8s_exti.o
#        D:\Dropbox\ECLIPSE\STM8\IAR\pult_usart\Debug\Obj\stm8s_flash.o
#        D:\Dropbox\ECLIPSE\STM8\IAR\pult_usart\Debug\Obj\stm8s_gpio.o
#        D:\Dropbox\ECLIPSE\STM8\IAR\pult_usart\Debug\Obj\stm8s_i2c.o
#        D:\Dropbox\ECLIPSE\STM8\IAR\pult_usart\Debug\Obj\stm8s_itc.o
#        D:\Dropbox\ECLIPSE\STM8\IAR\pult_usart\Debug\Obj\stm8s_iwdg.o
#        D:\Dropbox\ECLIPSE\STM8\IAR\pult_usart\Debug\Obj\stm8s_rst.o
#        D:\Dropbox\ECLIPSE\STM8\IAR\pult_usart\Debug\Obj\stm8s_spi.o
#        D:\Dropbox\ECLIPSE\STM8\IAR\pult_usart\Debug\Obj\stm8s_tim1.o
#        D:\Dropbox\ECLIPSE\STM8\IAR\pult_usart\Debug\Obj\stm8s_tim2.o
#        D:\Dropbox\ECLIPSE\STM8\IAR\pult_usart\Debug\Obj\stm8s_tim4.o
#        D:\Dropbox\ECLIPSE\STM8\IAR\pult_usart\Debug\Obj\stm8s_uart1.o
#        D:\Dropbox\ECLIPSE\STM8\IAR\pult_usart\Debug\Obj\stm8s_wwdg.o
#        --redirect _Printf=_PrintfFullNoMb --redirect _Scanf=_ScanfFullNoMb -o
#        D:\Dropbox\ECLIPSE\STM8\IAR\pult_usart\Debug\Exe\pult_usart.out --map
#        D:\Dropbox\ECLIPSE\STM8\IAR\pult_usart\Debug\List\pult_usart.map
#        --config "C:\Program Files (x86)\IAR Systems\Embedded Workbench
#        7.3_2\stm8\config\lnkstm8s003f3.icf" --config_def _CSTACK_SIZE=0x100
#        --config_def _HEAP_SIZE=0x100 --entry __iar_program_start --debug_lib
#
###############################################################################

*******************************************************************************
*** RUNTIME MODEL ATTRIBUTES
***

__SystemLibrary            = DLib
__code_model               = small
__core                     = stm8
__data_model               = medium
__dlib_file_descriptor     = 0
__dlib_full_locale_support = 0
__rt_version               = 4


*******************************************************************************
*** PLACEMENT SUMMARY
***

"A1":  place at start of [0x000000-0x0000ff] { rw section .vregs };
"A2":  place at end of [0x000000-0x0003ff] { block CSTACK };
"P2":  place in [from 0x000000 to 0x0003ff] {
          block HEAP, rw section __DLIB_PERTHREAD, rw section .far.bss,
          rw section .far.data, rw section .far.noinit,
          rw section .far_func.textrw, rw section .huge.bss,
          rw section .huge.data, rw section .huge.noinit,
          rw section .huge_func.textrw, rw section .iar.dynexit,
          rw section .near.bss, rw section .near.data, rw section .near.noinit,
          rw section .near_func.textrw };
"A3":  place at start of [0x008000-0x009fff] { block INTVEC };
"P3":  place in [from 0x008000 to 0x009fff] {
          ro section __DLIB_PERTHREAD_init, ro section .far.data_init,
          ro section .far_func.textrw_init, ro section .huge.data_init,
          ro section .huge_func.textrw_init, ro section .iar.init_table,
          ro section .init_array, ro section .near.data_init,
          ro section .near.rodata, ro section .near_func.text,
          ro section .near_func.textrw_init, ro section .tiny.data_init,
          ro section .tiny.rodata_init };

  Section          Kind      Address   Size  Object
  -------          ----      -------   ----  ------
"A1":                                  0x10
  .vregs           uninit   0x000000   0x10  vregs.o [4]
                          - 0x000010   0x10

"P2":                                   0xe
  .near.bss        zero     0x000010    0xa  main.o [1]
  .near.bss        zero     0x00001a    0x2  main.o [1]
  .near.bss        zero     0x00001c    0x2  main.o [1]
                          - 0x00001e    0xe

"A2":                                 0x100
  CSTACK                    0x000300  0x100  <Block>
    CSTACK         uninit   0x000300  0x100  <Block tail>
                          - 0x000400  0x100

"A3":                                  0x80
  INTVEC                    0x008000   0x80  <Block>
    .intvec        const    0x008000   0x80  interrupt.o [4]
                          - 0x008080   0x80

"P3":                                 0x82f
  .near_func.text  ro code  0x008080  0x143  long.o [4]
  .near_func.text  ro code  0x0081c3  0x13d  stm8s_uart1.o [1]
  .near_func.text  ro code  0x008300   0xd4  vreg_util.o [4]
  .near_func.text  ro code  0x0083d4   0xaf  stm8s_gpio.o [1]
  .near_func.text  ro code  0x008483   0x7b  stm8s_clk.o [1]
  .near_func.text  ro code  0x0084fe   0x78  stm8s_exti.o [1]
  .near_func.text  ro code  0x008576   0x68  main.o [1]
  .near_func.text  ro code  0x0085de   0x61  main.o [1]
  .near_func.text  ro code  0x00863f   0x47  long_util.o [4]
  .near_func.text  ro code  0x008686   0x43  main.o [1]
  .near_func.text  ro code  0x0086c9   0x34  conf.o [1]
  .near_func.text  ro code  0x0086fd   0x2d  stm8s_uart1.o [1]
  .near_func.text  ro code  0x00872a   0x25  conf.o [1]
  .near_func.text  ro code  0x00874f   0x25  dc_util.o [4]
  .iar.init_table  const    0x008774    0x8  - Linker created -
  .near_func.text  ro code  0x00877c   0x1f  main.o [1]
  .near_func.text  ro code  0x00879b   0x1e  init_small.o [4]
  .near_func.text  ro code  0x0087b9   0x1b  stm8s_gpio.o [1]
  .near_func.text  ro code  0x0087d4   0x18  conf.o [1]
  .near_func.text  ro code  0x0087ec   0x17  init.o [4]
  .near_func.text  ro code  0x008803   0x15  conf.o [1]
  .near_func.text  ro code  0x008818   0x14  __dbg_xxexit.o [3]
  .near_func.text  ro code  0x00882c   0x13  main.o [1]
  .near_func.text  ro code  0x00883f   0x13  stm8s_clk.o [1]
  .near_func.text  ro code  0x008852   0x13  cstartup.o [4]
  .near_func.text  ro code  0x008865    0xe  stm8s_uart1.o [1]
  .near_func.text  ro code  0x008873    0x9  stm8s_exti.o [1]
  .near_func.text  ro code  0x00887c    0x7  stm8s_gpio.o [1]
  .near_func.text  ro code  0x008883    0x6  char.o [4]
  .near_func.text  ro code  0x008889    0x5  conf.o [1]
  .near_func.text  ro code  0x00888e    0x5  short.o [4]
  .near_func.text  ro code  0x008893    0x5  cexit.o [4]
  .near.rodata     const    0x008898    0x4  stm8s_clk.o [1]
  .near_func.text  ro code  0x00889c    0x4  stm8s_uart1.o [1]
  .near_func.text  ro code  0x0088a0    0x3  interrupt.o [4]
  .near_func.text  ro code  0x0088a3    0x3  low_level_init.o [4]
  .near_func.text  ro code  0x0088a6    0x3  exit.o [4]
  .near_func.text  ro code  0x0088a9    0x3  unhandled_exception.o [4]
  .near.rodata     const    0x0088ac    0x1  main.o [1]
  .near.rodata     const    0x0088ad    0x1  main.o [1]
  .near_func.text  ro code  0x0088ae    0x1  __dbg_break.o [3]
                          - 0x0088af  0x82f


*******************************************************************************
*** INIT TABLE
***

          Address   Size
          -------   ----
Zero (__iar_zero_init2)
    1 destination range, total size 0xe:
          0x000010   0xe



*******************************************************************************
*** MODULE SUMMARY
***

    Module                 ro code  ro data  rw data
    ------                 -------  -------  -------
D:\Dropbox\ECLIPSE\STM8\IAR\pult_usart\Debug\Obj: [1]
    conf.o                     139
    main.o                     318        2       14
    stm8s_clk.o                142        4
    stm8s_exti.o               129
    stm8s_gpio.o               209
    stm8s_uart1.o              380
    ------------------------------------------------
    Total:                   1 317        6       14

command line: [2]
    ------------------------------------------------
    Total:

dbgstm8smd.a: [3]
    __dbg_break.o                1
    __dbg_xxexit.o              20
    ------------------------------------------------
    Total:                      21

dlstm8smn.a: [4]
    cexit.o                      5
    char.o                       6
    cstartup.o                  19
    dc_util.o                   37
    exit.o                       3
    init.o                      23
    init_small.o                30
    interrupt.o                  3      128
    long.o                     323
    long_util.o                 71
    low_level_init.o             3
    short.o                      5
    unhandled_exception.o        3
    vreg_util.o                212
    vregs.o                                       16
    ------------------------------------------------
    Total:                     743      128       16

    Linker created                        8      256
----------------------------------------------------
    Grand Total:             2 081      142      286


*******************************************************************************
*** ENTRY LIST
***

Entry                    Address   Size  Type      Object
-----                    -------   ----  ----      ------
.iar.init_table$$Base   0x008774          --   Gb  - Linker created -
.iar.init_table$$Limit  0x00877c          --   Gb  - Linker created -
?b0                     0x000000         Data  Gb  vregs.o [4]
?b1                     0x000001         Data  Gb  vregs.o [4]
?b10                    0x00000a         Data  Gb  vregs.o [4]
?b11                    0x00000b         Data  Gb  vregs.o [4]
?b12                    0x00000c         Data  Gb  vregs.o [4]
?b13                    0x00000d         Data  Gb  vregs.o [4]
?b14                    0x00000e         Data  Gb  vregs.o [4]
?b15                    0x00000f         Data  Gb  vregs.o [4]
?b2                     0x000002         Data  Gb  vregs.o [4]
?b3                     0x000003         Data  Gb  vregs.o [4]
?b4                     0x000004         Data  Gb  vregs.o [4]
?b5                     0x000005         Data  Gb  vregs.o [4]
?b6                     0x000006         Data  Gb  vregs.o [4]
?b7                     0x000007         Data  Gb  vregs.o [4]
?b8                     0x000008         Data  Gb  vregs.o [4]
?b9                     0x000009         Data  Gb  vregs.o [4]
?dc32_l0                0x00874f         Code  Gb  dc_util.o [4]
?dc32_l1                0x00875c         Code  Gb  dc_util.o [4]
?dc32_px                0x008769         Code  Gb  dc_util.o [4]
?e0                     0x000001         Data  Gb  vregs.o [4]
?e1                     0x000005         Data  Gb  vregs.o [4]
?e2                     0x000009         Data  Gb  vregs.o [4]
?e3                     0x00000d         Data  Gb  vregs.o [4]
?epilogue_l2            0x00838f         Code  Gb  vreg_util.o [4]
?epilogue_l2_l3         0x00838c         Code  Gb  vreg_util.o [4]
?l0                     0x000000         Data  Gb  vregs.o [4]
?l1                     0x000004         Data  Gb  vregs.o [4]
?l2                     0x000008         Data  Gb  vregs.o [4]
?l3                     0x00000c         Data  Gb  vregs.o [4]
?load32_0x_l0           0x008678         Code  Gb  long_util.o [4]
?load32_asp_l0          0x00866c         Code  Gb  long_util.o [4]
?load32_dbsp_l0         0x008667         Code  Gb  long_util.o [4]
?load32_l0_0x           0x00864f         Code  Gb  long_util.o [4]
?load32_l0_asp          0x008644         Code  Gb  long_util.o [4]
?load32_l0_dbsp         0x00863f         Code  Gb  long_util.o [4]
?load32_l0_xsp          0x008646         Code  Gb  long_util.o [4]
?load32_l1_0x           0x00865b         Code  Gb  long_util.o [4]
?load32_xsp_l0          0x00866e         Code  Gb  long_util.o [4]
?mov_e0_e2              0x008396         Code  Gb  vreg_util.o [4]
?mov_e0_e3              0x0083a3         Code  Gb  vreg_util.o [4]
?mov_e1_e0              0x0083b0         Code  Gb  vreg_util.o [4]
?mov_e2_e0              0x0083bd         Code  Gb  vreg_util.o [4]
?mov_e3_e0              0x0083ca         Code  Gb  vreg_util.o [4]
?mov_l0_l2              0x008393         Code  Gb  vreg_util.o [4]
?mov_l0_l3              0x0083a0         Code  Gb  vreg_util.o [4]
?mov_l1_l0              0x0083ad         Code  Gb  vreg_util.o [4]
?mov_l2_l0              0x0083ba         Code  Gb  vreg_util.o [4]
?mov_l3_l0              0x0083c7         Code  Gb  vreg_util.o [4]
?mov_w1_w5              0x008399         Code  Gb  vreg_util.o [4]
?mov_w1_w7              0x0083a6         Code  Gb  vreg_util.o [4]
?mov_w3_w1              0x0083b3         Code  Gb  vreg_util.o [4]
?mov_w5_w1              0x0083c0         Code  Gb  vreg_util.o [4]
?mov_w7_w1              0x0083cd         Code  Gb  vreg_util.o [4]
?mul32_l0_l0_0x         0x00809e         Code  Gb  long.o [4]
?mul32_l0_l0_dl         0x00809b         Code  Gb  long.o [4]
?mul32_l0_l0_l1         0x0080a7         Code  Gb  long.o [4]
?or32_l0_l0_0x          0x00819a         Code  Gb  long.o [4]
?pop_l0                 0x008358         Code  Gb  vreg_util.o [4]
?pop_l1                 0x008363         Code  Gb  vreg_util.o [4]
?pop_l2                 0x00836e         Code  Gb  vreg_util.o [4]
?pop_l3                 0x008379         Code  Gb  vreg_util.o [4]
?pop_w4                 0x008318         Code  Gb  vreg_util.o [4]
?push_l0                0x008327         Code  Gb  vreg_util.o [4]
?push_l1                0x00832c         Code  Gb  vreg_util.o [4]
?push_l2                0x008331         Code  Gb  vreg_util.o [4]
?push_l3                0x008336         Code  Gb  vreg_util.o [4]
?push_w4                0x008300         Code  Gb  vreg_util.o [4]
?sll32_0x_0x_a          0x0081b5         Code  Gb  long.o [4]
?sll32_l0_l0_a          0x0081b2         Code  Gb  long.o [4]
?sll8_a_a_5             0x008884         Code  Gb  char.o [4]
?sll8_a_a_6             0x008883         Code  Gb  char.o [4]
?srl16_x_x_4            0x00888e         Code  Gb  short.o [4]
?sub32_l0_l0_0x         0x008083         Code  Gb  long.o [4]
?sub32_l0_l0_l1         0x008080         Code  Gb  long.o [4]
?udiv32_l0_dl_l1        0x008125         Code  Gb  long.o [4]
?udiv32_l0_l0_dl        0x00812a         Code  Gb  long.o [4]
?udiv32_l0_l0_l1        0x00812d         Code  Gb  long.o [4]
?umod32_l1_l0_l1        0x00812d         Code  Gb  long.o [4]
?w0                     0x000000         Data  Gb  vregs.o [4]
?w1                     0x000002         Data  Gb  vregs.o [4]
?w2                     0x000004         Data  Gb  vregs.o [4]
?w3                     0x000006         Data  Gb  vregs.o [4]
?w4                     0x000008         Data  Gb  vregs.o [4]
?w5                     0x00000a         Data  Gb  vregs.o [4]
?w6                     0x00000c         Data  Gb  vregs.o [4]
?w7                     0x00000e         Data  Gb  vregs.o [4]
CLK_Configuration       0x008889    0x5  Code  Gb  conf.o [1]
CLK_GetClockFreq        0x008483   0x7b  Code  Gb  stm8s_clk.o [1]
CLK_HSIPrescalerConfig  0x00883f   0x13  Code  Gb  stm8s_clk.o [1]
CSTACK$$Base            0x000300          --   Gb  - Linker created -
CSTACK$$Limit           0x000400          --   Gb  - Linker created -
EXTI_DeInit             0x008873    0x9  Code  Gb  stm8s_exti.o [1]
EXTI_SetExtIntSensitivity
                        0x0084fe   0x78  Code  Gb  stm8s_exti.o [1]
GPIOA1_Int              0x0087d4   0x18  Code  Gb  conf.o [1]
GPIO_Configuration      0x00872a   0x25  Code  Gb  conf.o [1]
GPIO_DeInit             0x0087b9   0x1b  Code  Gb  stm8s_gpio.o [1]
GPIO_Init               0x0083d4   0xaf  Code  Gb  stm8s_gpio.o [1]
GPIO_WriteReverse       0x00887c    0x7  Code  Gb  stm8s_gpio.o [1]
HSIDivFactor            0x008898    0x4  Data  Gb  stm8s_clk.o [1]
INTVEC$$Base            0x008000          --   Gb  - Linker created -
INTVEC$$Limit           0x008080          --   Gb  - Linker created -
IR_Timer_Stop           0x0088ad    0x1  Data  Lc  main.o [1]
ITC_IRQ_PORTAHandler    0x0085de   0x61  Code  Gb  main.o [1]
Ir_Thershold            0x0088ac    0x1  Data  Lc  main.o [1]
Region$$Table$$Base     0x008774          --   Gb  - Linker created -
Region$$Table$$Limit    0x00877c          --   Gb  - Linker created -
TIM2_OVF_IRQHandler     0x00877c   0x1f  Code  Gb  main.o [1]
TIM4_Config             0x008803   0x15  Code  Gb  conf.o [1]
TIM4_OVF_IRQHandler     0x008686   0x43  Code  Gb  main.o [1]
UART1_Cmd               0x008865    0xe  Code  Gb  stm8s_uart1.o [1]
UART1_Config            0x0086c9   0x34  Code  Gb  conf.o [1]
UART1_DeInit            0x0086fd   0x2d  Code  Gb  stm8s_uart1.o [1]
UART1_Init              0x0081c3  0x13d  Code  Gb  stm8s_uart1.o [1]
UART1_SendData8         0x00889c    0x4  Code  Gb  stm8s_uart1.o [1]
__DebugBreak            0x0088ae    0x1  Code  Gb  __dbg_break.o [3]
__exit                  0x008818   0x14  Code  Gb  __dbg_xxexit.o [3]
__iar_data_init2        0x0087ec   0x17  Code  Gb  init.o [4]
__iar_program_start     0x008852         Code  Gb  cstartup.o [4]
__iar_unhandled_exception
                        0x0088a9         Code  Gb  unhandled_exception.o [4]
__iar_zero_init2        0x00879b         Code  Gb  init_small.o [4]
__intvec                0x008000         Data  Gb  interrupt.o [4]
__low_level_init        0x0088a3    0x3  Code  Gb  low_level_init.o [4]
_exit                   0x008893         Code  Gb  cexit.o [4]
_interrupt_15           0x00877c         Code  Gb  main.o [1]
_interrupt_25           0x008686         Code  Gb  main.o [1]
_interrupt_5            0x0085de         Code  Gb  main.o [1]
delay                   0x00001a    0x2  Data  Gb  main.o [1]
exit                    0x0088a6    0x3  Code  Gb  exit.o [4]
ir                      0x000010    0xa  Data  Gb  main.o [1]
led_delay               0x00001c    0x2  Data  Gb  main.o [1]
main                    0x008576   0x68  Code  Gb  main.o [1]
usend                   0x00882c   0x13  Code  Gb  main.o [1]


[1] = D:\Dropbox\ECLIPSE\STM8\IAR\pult_usart\Debug\Obj
[2] = command line
[3] = dbgstm8smd.a
[4] = dlstm8smn.a

  2 081 bytes of readonly  code memory
    142 bytes of readonly  data memory
    286 bytes of readwrite data memory

Errors: none
Warnings: none
